{
  "Resources": {
    "testkinesisfirehoses3KinesisFirehoseToS3S3LoggingBucketCF5B8A5C": {
      "Type": "AWS::S3::Bucket",
      "Properties": {
        "BucketEncryption": {
          "ServerSideEncryptionConfiguration": [
            {
              "ServerSideEncryptionByDefault": {
                "SSEAlgorithm": "AES256"
              }
            }
          ]
        },
        "BucketName": "custom-logging-bucket",
        "PublicAccessBlockConfiguration": {
          "BlockPublicAcls": true,
          "BlockPublicPolicy": true,
          "IgnorePublicAcls": true,
          "RestrictPublicBuckets": true
        },
        "Tags": [
          {
            "Key": "aws-cdk:auto-delete-objects",
            "Value": "true"
          }
        ],
        "VersioningConfiguration": {
          "Status": "Enabled"
        }
      },
      "UpdateReplacePolicy": "Delete",
      "DeletionPolicy": "Delete",
      "Metadata": {
        "cfn_nag": {
          "rules_to_suppress": [
            {
              "id": "W35",
              "reason": "This S3 bucket is used as the access logging bucket for another bucket"
            }
          ]
        }
      }
    },
    "testkinesisfirehoses3KinesisFirehoseToS3S3LoggingBucketPolicyCF0D71BD": {
      "Type": "AWS::S3::BucketPolicy",
      "Properties": {
        "Bucket": {
          "Ref": "testkinesisfirehoses3KinesisFirehoseToS3S3LoggingBucketCF5B8A5C"
        },
        "PolicyDocument": {
          "Statement": [
            {
              "Action": "s3:*",
              "Condition": {
                "Bool": {
                  "aws:SecureTransport": "false"
                }
              },
              "Effect": "Deny",
              "Principal": {
                "AWS": "*"
              },
              "Resource": [
                {
                  "Fn::GetAtt": [
                    "testkinesisfirehoses3KinesisFirehoseToS3S3LoggingBucketCF5B8A5C",
                    "Arn"
                  ]
                },
                {
                  "Fn::Join": [
                    "",
                    [
                      {
                        "Fn::GetAtt": [
                          "testkinesisfirehoses3KinesisFirehoseToS3S3LoggingBucketCF5B8A5C",
                          "Arn"
                        ]
                      },
                      "/*"
                    ]
                  ]
                }
              ]
            },
            {
              "Action": [
                "s3:PutBucketPolicy",
                "s3:GetBucket*",
                "s3:List*",
                "s3:DeleteObject*"
              ],
              "Effect": "Allow",
              "Principal": {
                "AWS": {
                  "Fn::GetAtt": [
                    "CustomS3AutoDeleteObjectsCustomResourceProviderRole3B1BD092",
                    "Arn"
                  ]
                }
              },
              "Resource": [
                {
                  "Fn::GetAtt": [
                    "testkinesisfirehoses3KinesisFirehoseToS3S3LoggingBucketCF5B8A5C",
                    "Arn"
                  ]
                },
                {
                  "Fn::Join": [
                    "",
                    [
                      {
                        "Fn::GetAtt": [
                          "testkinesisfirehoses3KinesisFirehoseToS3S3LoggingBucketCF5B8A5C",
                          "Arn"
                        ]
                      },
                      "/*"
                    ]
                  ]
                }
              ]
            },
            {
              "Action": "s3:PutObject",
              "Condition": {
                "ArnLike": {
                  "aws:SourceArn": {
                    "Fn::GetAtt": [
                      "testkinesisfirehoses3KinesisFirehoseToS3S3Bucket303877FF",
                      "Arn"
                    ]
                  }
                },
                "StringEquals": {
                  "aws:SourceAccount": {
                    "Ref": "AWS::AccountId"
                  }
                }
              },
              "Effect": "Allow",
              "Principal": {
                "Service": "logging.s3.amazonaws.com"
              },
              "Resource": {
                "Fn::Join": [
                  "",
                  [
                    {
                      "Fn::GetAtt": [
                        "testkinesisfirehoses3KinesisFirehoseToS3S3LoggingBucketCF5B8A5C",
                        "Arn"
                      ]
                    },
                    "/*"
                  ]
                ]
              }
            }
          ],
          "Version": "2012-10-17"
        }
      }
    },
    "testkinesisfirehoses3KinesisFirehoseToS3S3LoggingBucketAutoDeleteObjectsCustomResourceB808B0FC": {
      "Type": "Custom::S3AutoDeleteObjects",
      "Properties": {
        "ServiceToken": {
          "Fn::GetAtt": [
            "CustomS3AutoDeleteObjectsCustomResourceProviderHandler9D90184F",
            "Arn"
          ]
        },
        "BucketName": {
          "Ref": "testkinesisfirehoses3KinesisFirehoseToS3S3LoggingBucketCF5B8A5C"
        }
      },
      "DependsOn": [
        "testkinesisfirehoses3KinesisFirehoseToS3S3LoggingBucketPolicyCF0D71BD"
      ],
      "UpdateReplacePolicy": "Delete",
      "DeletionPolicy": "Delete"
    },
    "testkinesisfirehoses3KinesisFirehoseToS3S3Bucket303877FF": {
      "Type": "AWS::S3::Bucket",
      "Properties": {
        "BucketEncryption": {
          "ServerSideEncryptionConfiguration": [
            {
              "ServerSideEncryptionByDefault": {
                "SSEAlgorithm": "AES256"
              }
            }
          ]
        },
        "LifecycleConfiguration": {
          "Rules": [
            {
              "NoncurrentVersionTransitions": [
                {
                  "StorageClass": "GLACIER",
                  "TransitionInDays": 90
                }
              ],
              "Status": "Enabled"
            }
          ]
        },
        "LoggingConfiguration": {
          "DestinationBucketName": {
            "Ref": "testkinesisfirehoses3KinesisFirehoseToS3S3LoggingBucketCF5B8A5C"
          }
        },
        "PublicAccessBlockConfiguration": {
          "BlockPublicAcls": true,
          "BlockPublicPolicy": true,
          "IgnorePublicAcls": true,
          "RestrictPublicBuckets": true
        },
        "VersioningConfiguration": {
          "Status": "Enabled"
        }
      },
      "UpdateReplacePolicy": "Delete",
      "DeletionPolicy": "Delete"
    },
    "testkinesisfirehoses3KinesisFirehoseToS3S3BucketPolicy46BDB29D": {
      "Type": "AWS::S3::BucketPolicy",
      "Properties": {
        "Bucket": {
          "Ref": "testkinesisfirehoses3KinesisFirehoseToS3S3Bucket303877FF"
        },
        "PolicyDocument": {
          "Statement": [
            {
              "Action": "s3:*",
              "Condition": {
                "Bool": {
                  "aws:SecureTransport": "false"
                }
              },
              "Effect": "Deny",
              "Principal": {
                "AWS": "*"
              },
              "Resource": [
                {
                  "Fn::GetAtt": [
                    "testkinesisfirehoses3KinesisFirehoseToS3S3Bucket303877FF",
                    "Arn"
                  ]
                },
                {
                  "Fn::Join": [
                    "",
                    [
                      {
                        "Fn::GetAtt": [
                          "testkinesisfirehoses3KinesisFirehoseToS3S3Bucket303877FF",
                          "Arn"
                        ]
                      },
                      "/*"
                    ]
                  ]
                }
              ]
            }
          ],
          "Version": "2012-10-17"
        }
      }
    },
    "testkinesisfirehoses3KinesisFirehoseToS3firehoseloggroupDDB24FE5": {
      "Type": "AWS::Logs::LogGroup",
      "UpdateReplacePolicy": "Delete",
      "DeletionPolicy": "Delete",
      "Metadata": {
        "cfn_nag": {
          "rules_to_suppress": [
            {
              "id": "W86",
              "reason": "Retention period for CloudWatchLogs LogGroups are set to 'Never Expire' to preserve customer data indefinitely"
            },
            {
              "id": "W84",
              "reason": "By default CloudWatchLogs LogGroups data is encrypted using the CloudWatch server-side encryption keys (AWS Managed Keys)"
            }
          ]
        }
      }
    },
    "testkinesisfirehoses3KinesisFirehoseToS3firehoseloggroupfirehoselogstreamEC0EA660": {
      "Type": "AWS::Logs::LogStream",
      "Properties": {
        "LogGroupName": {
          "Ref": "testkinesisfirehoses3KinesisFirehoseToS3firehoseloggroupDDB24FE5"
        }
      },
      "UpdateReplacePolicy": "Retain",
      "DeletionPolicy": "Retain"
    },
    "testkinesisfirehoses3KinesisFirehoseToS3KinesisFirehoseRole18870C08": {
      "Type": "AWS::IAM::Role",
      "Properties": {
        "AssumeRolePolicyDocument": {
          "Statement": [
            {
              "Action": "sts:AssumeRole",
              "Effect": "Allow",
              "Principal": {
                "Service": "firehose.amazonaws.com"
              }
            }
          ],
          "Version": "2012-10-17"
        }
      }
    },
    "testkinesisfirehoses3KinesisFirehoseToS3KinesisFirehosePolicyD6A1BC51": {
      "Type": "AWS::IAM::Policy",
      "Properties": {
        "PolicyDocument": {
          "Statement": [
            {
              "Action": [
                "s3:AbortMultipartUpload",
                "s3:GetBucketLocation",
                "s3:GetObject",
                "s3:ListBucket",
                "s3:ListBucketMultipartUploads",
                "s3:PutObject"
              ],
              "Effect": "Allow",
              "Resource": [
                {
                  "Fn::GetAtt": [
                    "testkinesisfirehoses3KinesisFirehoseToS3S3Bucket303877FF",
                    "Arn"
                  ]
                },
                {
                  "Fn::Join": [
                    "",
                    [
                      {
                        "Fn::GetAtt": [
                          "testkinesisfirehoses3KinesisFirehoseToS3S3Bucket303877FF",
                          "Arn"
                        ]
                      },
                      "/*"
                    ]
                  ]
                }
              ]
            },
            {
              "Action": "logs:PutLogEvents",
              "Effect": "Allow",
              "Resource": {
                "Fn::Join": [
                  "",
                  [
                    "arn:",
                    {
                      "Ref": "AWS::Partition"
                    },
                    ":logs:",
                    {
                      "Ref": "AWS::Region"
                    },
                    ":",
                    {
                      "Ref": "AWS::AccountId"
                    },
                    ":log-group:",
                    {
                      "Ref": "testkinesisfirehoses3KinesisFirehoseToS3firehoseloggroupDDB24FE5"
                    },
                    ":log-stream:",
                    {
                      "Ref": "testkinesisfirehoses3KinesisFirehoseToS3firehoseloggroupfirehoselogstreamEC0EA660"
                    }
                  ]
                ]
              }
            }
          ],
          "Version": "2012-10-17"
        },
        "PolicyName": "testkinesisfirehoses3KinesisFirehoseToS3KinesisFirehosePolicyD6A1BC51",
        "Roles": [
          {
            "Ref": "testkinesisfirehoses3KinesisFirehoseToS3KinesisFirehoseRole18870C08"
          }
        ]
      }
    },
    "testkinesisfirehoses3KinesisFirehoseToS3KinesisFirehoseEB65C83D": {
      "Type": "AWS::KinesisFirehose::DeliveryStream",
      "Properties": {
        "DeliveryStreamEncryptionConfigurationInput": {
          "KeyType": "AWS_OWNED_CMK"
        },
        "DeliveryStreamName": "KinesisFirehoseevtfhss3customLogoses3KinesisFirehoseToS3E4F82781",
        "ExtendedS3DestinationConfiguration": {
          "BucketARN": {
            "Fn::GetAtt": [
              "testkinesisfirehoses3KinesisFirehoseToS3S3Bucket303877FF",
              "Arn"
            ]
          },
          "BufferingHints": {
            "IntervalInSeconds": 300,
            "SizeInMBs": 5
          },
          "CloudWatchLoggingOptions": {
            "Enabled": true,
            "LogGroupName": {
              "Ref": "testkinesisfirehoses3KinesisFirehoseToS3firehoseloggroupDDB24FE5"
            },
            "LogStreamName": {
              "Ref": "testkinesisfirehoses3KinesisFirehoseToS3firehoseloggroupfirehoselogstreamEC0EA660"
            }
          },
          "CompressionFormat": "GZIP",
          "EncryptionConfiguration": {
            "KMSEncryptionConfig": {
              "AWSKMSKeyARN": {
                "Fn::Join": [
                  "",
                  [
                    "arn:",
                    {
                      "Ref": "AWS::Partition"
                    },
                    ":kms:",
                    {
                      "Ref": "AWS::Region"
                    },
                    ":",
                    {
                      "Ref": "AWS::AccountId"
                    },
                    ":alias/aws/s3"
                  ]
                ]
              }
            }
          },
          "RoleARN": {
            "Fn::GetAtt": [
              "testkinesisfirehoses3KinesisFirehoseToS3KinesisFirehoseRole18870C08",
              "Arn"
            ]
          }
        }
      }
    },
    "testkinesisfirehoses3EventsRuleInvokeKinesisFirehoseRole0D8588E2": {
      "Type": "AWS::IAM::Role",
      "Properties": {
        "AssumeRolePolicyDocument": {
          "Statement": [
            {
              "Action": "sts:AssumeRole",
              "Effect": "Allow",
              "Principal": {
                "Service": "events.amazonaws.com"
              }
            }
          ],
          "Version": "2012-10-17"
        },
        "Description": "Events Rule To Kinesis Firehose Role"
      }
    },
    "testkinesisfirehoses3EventsRuleInvokeKinesisFirehosePolicy88CA86C4": {
      "Type": "AWS::IAM::Policy",
      "Properties": {
        "PolicyDocument": {
          "Statement": [
            {
              "Action": [
                "firehose:PutRecord",
                "firehose:PutRecordBatch"
              ],
              "Effect": "Allow",
              "Resource": {
                "Fn::GetAtt": [
                  "testkinesisfirehoses3KinesisFirehoseToS3KinesisFirehoseEB65C83D",
                  "Arn"
                ]
              }
            }
          ],
          "Version": "2012-10-17"
        },
        "PolicyName": "testkinesisfirehoses3EventsRuleInvokeKinesisFirehosePolicy88CA86C4",
        "Roles": [
          {
            "Ref": "testkinesisfirehoses3EventsRuleInvokeKinesisFirehoseRole0D8588E2"
          }
        ]
      }
    },
    "testkinesisfirehoses3EventsRule05D717D1": {
      "Type": "AWS::Events::Rule",
      "Properties": {
        "ScheduleExpression": "rate(5 minutes)",
        "State": "ENABLED",
        "Targets": [
          {
            "Arn": {
              "Fn::GetAtt": [
                "testkinesisfirehoses3KinesisFirehoseToS3KinesisFirehoseEB65C83D",
                "Arn"
              ]
            },
            "Id": "Target0",
            "RoleArn": {
              "Fn::GetAtt": [
                "testkinesisfirehoses3EventsRuleInvokeKinesisFirehoseRole0D8588E2",
                "Arn"
              ]
            }
          }
        ]
      }
    },
    "CustomS3AutoDeleteObjectsCustomResourceProviderRole3B1BD092": {
      "Type": "AWS::IAM::Role",
      "Properties": {
        "AssumeRolePolicyDocument": {
          "Version": "2012-10-17",
          "Statement": [
            {
              "Action": "sts:AssumeRole",
              "Effect": "Allow",
              "Principal": {
                "Service": "lambda.amazonaws.com"
              }
            }
          ]
        },
        "ManagedPolicyArns": [
          {
            "Fn::Sub": "arn:${AWS::Partition}:iam::aws:policy/service-role/AWSLambdaBasicExecutionRole"
          }
        ]
      }
    },
    "CustomS3AutoDeleteObjectsCustomResourceProviderHandler9D90184F": {
      "Type": "AWS::Lambda::Function",
      "Properties": {
        "Code": {
          "S3Bucket": {
            "Fn::Sub": "cdk-hnb659fds-assets-${AWS::AccountId}-${AWS::Region}"
          },
          "S3Key": "b7f33614a69548d6bafe224d751a7ef238cde19097415e553fe8b63a4c8fd8a6.zip"
        },
        "Timeout": 900,
        "MemorySize": 128,
        "Handler": "index.handler",
        "Role": {
          "Fn::GetAtt": [
            "CustomS3AutoDeleteObjectsCustomResourceProviderRole3B1BD092",
            "Arn"
          ]
        },
        "Runtime": "nodejs18.x",
        "Description": {
          "Fn::Join": [
            "",
            [
              "Lambda function for auto-deleting objects in ",
              {
                "Ref": "testkinesisfirehoses3KinesisFirehoseToS3S3LoggingBucketCF5B8A5C"
              },
              " S3 bucket."
            ]
          ]
        }
      },
      "DependsOn": [
        "CustomS3AutoDeleteObjectsCustomResourceProviderRole3B1BD092"
      ]
    }
  },
  "Parameters": {
    "BootstrapVersion": {
      "Type": "AWS::SSM::Parameter::Value<String>",
      "Default": "/cdk-bootstrap/hnb659fds/version",
      "Description": "Version of the CDK Bootstrap resources in this environment, automatically retrieved from SSM Parameter Store. [cdk:skip]"
    }
  },
  "Rules": {
    "CheckBootstrapVersion": {
      "Assertions": [
        {
          "Assert": {
            "Fn::Not": [
              {
                "Fn::Contains": [
                  [
                    "1",
                    "2",
                    "3",
                    "4",
                    "5"
                  ],
                  {
                    "Ref": "BootstrapVersion"
                  }
                ]
              }
            ]
          },
          "AssertDescription": "CDK bootstrap stack version 6 required. Please run 'cdk bootstrap' with a recent version of the CDK CLI."
        }
      ]
    }
  }
}